
> remote-coding-agent@1.0.0 test
> jest

node.exe : PASS src/uti
ls/variable-substitutio
n.test.ts (5.13 s)
In C:\Program Files\nod
ejs\npm.ps1:29 
Zeichen:3
+   & $NODE_EXE 
$NPM_CLI_JS $args
+   ~~~~~~~~~~~~~~~~~~~
~~~~~~~~~~
    + CategoryInfo     
         : NotSpecifi  
  ed: (PASS src/util   
 s/...est.ts (5.13     
s):String) [], Rem    
oteException
    + FullyQualifiedEr 
   rorId : NativeComm  
  andError
 
  substituteVariables
    ÔêÜ replaces 
positional arguments 
(14 ms)
    ÔêÜ replaces 
$ARGUMENTS with all 
arguments
    ÔêÜ handles 
missing args 
gracefully (1 ms)
    ÔêÜ handles 
escaped dollar signs
    ÔêÜ returns 
unchanged text with no 
variables (1 ms)
    ÔêÜ replaces 
multiple occurrences 
of same variable
    ÔêÜ handles empty 
arguments array (1 ms)
    ÔêÜ combines 
positional and 
$ARGUMENTS in same text
    ÔêÜ handles 
arguments with special 
characters (1 ms)
    ÔêÜ handles 
arguments with quotes

  console.log
    [ConversationLock] Initialized { maxConcurrent: 5 }

      at new ConversationLockManager (src/utils/conversation-lock.ts:34:13)

  console.log
    [ConversationLock] Initialized { maxConcurrent: 10 }

      at new ConversationLockManager (src/utils/conversation-lock.ts:34:13)

  console.log
    [ConversationLock] Initialized { maxConcurrent: 10 }

      at new ConversationLockManager (src/utils/conversation-lock.ts:34:13)

  console.log
    [ConversationLock] Starting test-1 { active: 1, queued: 0 }

      at ConversationLockManager.acquireLock (src/utils/conversation-lock.ts:58:13)

  console.log
    [ConversationLock] Completed test-1 { active: 0, queued: 0 }

      at src/utils/conversation-lock.ts:71:17

  console.log
    [ConversationLock] Initialized { maxConcurrent: 10 }

      at new ConversationLockManager (src/utils/conversation-lock.ts:34:13)

  console.log
    [ConversationLock] Starting same-conv { active: 1, queued: 0 }

      at ConversationLockManager.acquireLock (src/utils/conversation-lock.ts:58:13)

PASS workspace/Remote-A
gentic-Coding-System/sr
c/clients/codex.test.ts
 (5.41 s)
  CodexClient
    ÔêÜ placeholder - 
integration tests 
require real Codex SDK 
and API (12 ms)

  console.log
    [ConversationLock] Queued message for same-conv { queueLength: 1 }

      at ConversationLockManager.queueMessage (src/utils/conversation-lock.ts:105:13)

  console.log
    [ConversationLock] Completed same-conv { active: 0, queued: 1 }

      at src/utils/conversation-lock.ts:71:17

  console.log
    [ConversationLock] Processing queued message { conversationId: 'same-conv', waitTimeMs: 22 }

      at ConversationLockManager.processQueue (src/utils/conversation-lock.ts:123:13)

  console.log
    [ConversationLock] Starting same-conv { active: 1, queued: 0 }

      at ConversationLockManager.acquireLock (src/utils/conversation-lock.ts:58:13)

  console.log
    [ConversationLock] Completed same-conv { active: 0, queued: 0 }

      at src/utils/conversation-lock.ts:71:17

  console.log
    [GitHub] Adapter initialized with secret: fake-web...

      at new GitHubAdapter (src/adapters/github.ts:60:13)

PASS workspace/Remote-A
gentic-Coding-System/sr
c/utils/variable-substi
tution.test.ts (5.44 s)
  substituteVariables
    ÔêÜ replaces 
positional arguments 
(21 ms)
    ÔêÜ replaces 
$ARGUMENTS with all 
arguments
    ÔêÜ handles 
missing args 
gracefully (1 ms)
    ÔêÜ handles 
escaped dollar signs
    ÔêÜ returns 
unchanged text with no 
variables (1 ms)
    ÔêÜ replaces 
multiple occurrences 
of same variable
    ÔêÜ handles empty 
arguments array (1 ms)
    ÔêÜ combines 
positional and 
$ARGUMENTS in same text
    ÔêÜ handles 
arguments with special 
characters (1 ms)
    ÔêÜ handles 
arguments with quotes 
(1 ms)

  console.log
    [GitHub] Adapter initialized with secret: fake-web...

      at new GitHubAdapter (src/adapters/github.ts:60:13)

  console.log
    [GitHub] Webhook adapter ready

      at GitHubAdapter.start (src/adapters/github.ts:104:13)

  console.log
    [GitHub] Adapter initialized with secret: fake-web...

      at new GitHubAdapter (src/adapters/github.ts:60:13)

  console.log
    [GitHub] Adapter stopped

      at GitHubAdapter.stop (src/adapters/github.ts:111:13)

  console.log
    [GitHub] Adapter initialized with secret: fake-web...

      at new GitHubAdapter (src/adapters/github.ts:60:13)

  console.log
    [ConversationLock] Initialized { maxConcurrent: 5 }

      at new ConversationLockManager (workspace/Remote-Agentic-Coding-System/src/utils/conversation-lock.ts:34:13)

  console.log
    [ConversationLock] Initialized { maxConcurrent: 10 }

      at new ConversationLockManager (workspace/Remote-Agentic-Coding-System/src/utils/conversation-lock.ts:34:13)

  console.error
    [GitHub] Invalid conversationId: invalid

    [0m [90m 67 |[39m     [36mconst[39m parsed [33m=[39m [36mthis[39m[33m.[39mparseConversationId(conversationId)[33m;[39m
     [90m 68 |[39m     [36mif[39m ([33m![39mparsed) {
    [31m[1m>[22m[39m[90m 69 |[39m       console[33m.[39merror([32m'[GitHub] Invalid conversationId:'[39m[33m,[39m conversationId)[33m;[39m
     [90m    |[39m               [31m[1m^[22m[39m
     [90m 70 |[39m       [36mreturn[39m[33m;[39m
     [90m 71 |[39m     }
     [90m 72 |[39m[0m

      at GitHubAdapter.sendMessage (src/adapters/github.ts:69:15)
      at Object.<anonymous> (src/adapters/github.test.ts:72:28)

  console.log
    [GitHub] Adapter initialized with secret: fake-web...

      at new GitHubAdapter (src/adapters/github.ts:60:13)

  console.log
    [ConversationLock] Initialized { maxConcurrent: 10 }

      at new ConversationLockManager (workspace/Remote-Agentic-Coding-System/src/utils/conversation-lock.ts:34:13)

  console.log
    [ConversationLock] Starting test-1 { active: 1, queued: 0 }

      at ConversationLockManager.acquireLock (workspace/Remote-Agentic-Coding-System/src/utils/conversation-lock.ts:58:13)

  console.log
    [ConversationLock] Completed test-1 { active: 0, queued: 0 }

      at workspace/Remote-Agentic-Coding-System/src/utils/conversation-lock.ts:71:17

  console.error
    [GitHub] Invalid conversationId: owner-repo#123

    [0m [90m 67 |[39m     [36mconst[39m parsed [33m=[39m [36mthis[39m[33m.[39mparseConversationId(conversationId)[33m;[39m
     [90m 68 |[39m     [36mif[39m ([33m![39mparsed) {
    [31m[1m>[22m[39m[90m 69 |[39m       console[33m.[39merror([32m'[GitHub] Invalid conversationId:'[39m[33m,[39m conversationId)[33m;[39m
     [90m    |[39m               [31m[1m^[22m[39m
     [90m 70 |[39m       [36mreturn[39m[33m;[39m
     [90m 71 |[39m     }
     [90m 72 |[39m[0m

      at GitHubAdapter.sendMessage (src/adapters/github.ts:69:15)
      at src/adapters/github.test.ts:88:30
      at Object.<anonymous> (node_modules/expect/build/toThrowMatchers.js:74:11)
      at Object.throwingMatcher [as toThrow] (node_modules/expect/build/index.js:320:21)
      at src/adapters/github.test.ts:88:63
          at Array.forEach (<anonymous>)
      at Object.<anonymous> (src/adapters/github.test.ts:87:22)

  console.error
    [GitHub] Invalid conversationId: owner/repo-123

    [0m [90m 67 |[39m     [36mconst[39m parsed [33m=[39m [36mthis[39m[33m.[39mparseConversationId(conversationId)[33m;[39m
     [90m 68 |[39m     [36mif[39m ([33m![39mparsed) {
    [31m[1m>[22m[39m[90m 69 |[39m       console[33m.[39merror([32m'[GitHub] Invalid conversationId:'[39m[33m,[39m conversationId)[33m;[39m
     [90m    |[39m               [31m[1m^[22m[39m
     [90m 70 |[39m       [36mreturn[39m[33m;[39m
     [90m 71 |[39m     }
     [90m 72 |[39m[0m

      at GitHubAdapter.sendMessage (src/adapters/github.ts:69:15)
      at src/adapters/github.test.ts:88:30
      at Object.<anonymous> (node_modules/expect/build/toThrowMatchers.js:74:11)
      at Object.throwingMatcher [as toThrow] (node_modules/expect/build/index.js:320:21)
      at src/adapters/github.test.ts:88:63
          at Array.forEach (<anonymous>)
      at Object.<anonymous> (src/adapters/github.test.ts:87:22)

  console.log
    [GitHub] Adapter initialized with secret: fake-web...

      at new GitHubAdapter (workspace/Remote-Agentic-Coding-System/src/adapters/github.ts:60:13)

  console.error
    [GitHub] Invalid conversationId: owner#repo#123

    [0m [90m 67 |[39m     [36mconst[39m parsed [33m=[39m [36mthis[39m[33m.[39mparseConversationId(conversationId)[33m;[39m
     [90m 68 |[39m     [36mif[39m ([33m![39mparsed) {
    [31m[1m>[22m[39m[90m 69 |[39m       console[33m.[39merror([32m'[GitHub] Invalid conversationId:'[39m[33m,[39m conversationId)[33m;[39m
     [90m    |[39m               [31m[1m^[22m[39m
     [90m 70 |[39m       [36mreturn[39m[33m;[39m
     [90m 71 |[39m     }
     [90m 72 |[39m[0m

      at GitHubAdapter.sendMessage (src/adapters/github.ts:69:15)
      at src/adapters/github.test.ts:88:30
      at Object.<anonymous> (node_modules/expect/build/toThrowMatchers.js:74:11)
      at Object.throwingMatcher [as toThrow] (node_modules/expect/build/index.js:320:21)
      at src/adapters/github.test.ts:88:63
          at Array.forEach (<anonymous>)
      at Object.<anonymous> (src/adapters/github.test.ts:87:22)

  console.log
    [ConversationLock] Initialized { maxConcurrent: 10 }

      at new ConversationLockManager (workspace/Remote-Agentic-Coding-System/src/utils/conversation-lock.ts:34:13)

  console.log
    [ConversationLock] Starting same-conv { active: 1, queued: 0 }

      at ConversationLockManager.acquireLock (workspace/Remote-Agentic-Coding-System/src/utils/conversation-lock.ts:58:13)

  console.log
    [GitHub] Adapter initialized with secret: fake-web...

      at new GitHubAdapter (workspace/Remote-Agentic-Coding-System/src/adapters/github.ts:60:13)

  console.log
    [GitHub] Webhook adapter ready

      at GitHubAdapter.start (workspace/Remote-Agentic-Coding-System/src/adapters/github.ts:104:13)

  console.log
    [GitHub] Adapter initialized with secret: fake-web...

      at new GitHubAdapter (workspace/Remote-Agentic-Coding-System/src/adapters/github.ts:60:13)

PASS src/clients/claude
.test.ts (5.518 s)
  ClaudeClient
    ÔêÜ placeholder - 
integration tests 
require real API (10 
ms)

  console.error
    [GitHub] Invalid conversationId: invalid

    [0m [90m 67 |[39m     [36mconst[39m parsed [33m=[39m [36mthis[39m[33m.[39mparseConversationId(conversationId)[33m;[39m
     [90m 68 |[39m     [36mif[39m ([33m![39mparsed) {
    [31m[1m>[22m[39m[90m 69 |[39m       console[33m.[39merror([32m'[GitHub] Invalid conversationId:'[39m[33m,[39m conversationId)[33m;[39m
     [90m    |[39m               [31m[1m^[22m[39m
     [90m 70 |[39m       [36mreturn[39m[33m;[39m
     [90m 71 |[39m     }
     [90m 72 |[39m[0m

      at GitHubAdapter.sendMessage (src/adapters/github.ts:69:15)
      at src/adapters/github.test.ts:88:30
      at Object.<anonymous> (node_modules/expect/build/toThrowMatchers.js:74:11)
      at Object.throwingMatcher [as toThrow] (node_modules/expect/build/index.js:320:21)
      at src/adapters/github.test.ts:88:63
          at Array.forEach (<anonymous>)
      at Object.<anonymous> (src/adapters/github.test.ts:87:22)

  console.log
    [GitHub] Adapter stopped

      at GitHubAdapter.stop (workspace/Remote-Agentic-Coding-System/src/adapters/github.ts:111:13)

  console.log
    [GitHub] Comment posted to owner/repo#123

      at GitHubAdapter.sendMessage (src/adapters/github.ts:80:15)

  console.log
    [GitHub] Adapter initialized with secret: fake-web...

      at new GitHubAdapter (workspace/Remote-Agentic-Coding-System/src/adapters/github.ts:60:13)

PASS src/adapters/githu
b.test.ts (5.586 s)
  GitHubAdapter
    streaming mode
      ÔêÜ should 
always return batch 
mode (179 ms)
    lifecycle methods
      ÔêÜ should start 
without errors (11 ms)
      ÔêÜ should stop 
without errors (14 ms)
    sendMessage
      ÔêÜ should 
handle invalid 
conversationId 
gracefully (18 ms)
    conversationId 
format
      ÔêÜ should use 
owner/repo#number 
format (39 ms)

  console.log
    [ConversationLock] Queued message for same-conv { queueLength: 1 }

      at ConversationLockManager.queueMessage (workspace/Remote-Agentic-Coding-System/src/utils/conversation-lock.ts:105:13)

  console.log
    [ConversationLock] Initialized { maxConcurrent: 2 }

      at new ConversationLockManager (src/utils/conversation-lock.ts:34:13)

  console.log
    [ConversationLock] Starting conv-1 { active: 1, queued: 0 }

      at ConversationLockManager.acquireLock (src/utils/conversation-lock.ts:58:13)

  console.log
    [ConversationLock] Starting conv-2 { active: 2, queued: 0 }

      at ConversationLockManager.acquireLock (src/utils/conversation-lock.ts:58:13)

  console.error
    [GitHub] Invalid conversationId: invalid

    [0m [90m 67 |[39m     [36mconst[39m parsed [33m=[39m [36mthis[39m[33m.[39mparseConversationId(conversationId)[33m;[39m
     [90m 68 |[39m     [36mif[39m ([33m![39mparsed) {
    [31m[1m>[22m[39m[90m 69 |[39m       console[33m.[39merror([32m'[GitHub] Invalid conversationId:'[39m[33m,[39m conversationId)[33m;[39m
     [90m    |[39m               [31m[1m^[22m[39m
     [90m 70 |[39m       [36mreturn[39m[33m;[39m
     [90m 71 |[39m     }
     [90m 72 |[39m[0m

      at GitHubAdapter.sendMessage (workspace/Remote-Agentic-Coding-System/src/adapters/github.ts:69:15)
      at Object.<anonymous> (workspace/Remote-Agentic-Coding-System/src/adapters/github.test.ts:72:28)

  console.log
    [GitHub] Adapter initialized with secret: fake-web...

      at new GitHubAdapter (workspace/Remote-Agentic-Coding-System/src/adapters/github.ts:60:13)

  console.error
    [GitHub] Invalid conversationId: owner-repo#123

    [0m [90m 67 |[39m     [36mconst[39m parsed [33m=[39m [36mthis[39m[33m.[39mparseConversationId(conversationId)[33m;[39m
     [90m 68 |[39m     [36mif[39m ([33m![39mparsed) {
    [31m[1m>[22m[39m[90m 69 |[39m       console[33m.[39merror([32m'[GitHub] Invalid conversationId:'[39m[33m,[39m conversationId)[33m;[39m
     [90m    |[39m               [31m[1m^[22m[39m
     [90m 70 |[39m       [36mreturn[39m[33m;[39m
     [90m 71 |[39m     }
     [90m 72 |[39m[0m

      at GitHubAdapter.sendMessage (workspace/Remote-Agentic-Coding-System/src/adapters/github.ts:69:15)
      at workspace/Remote-Agentic-Coding-System/src/adapters/github.test.ts:88:30
      at Object.<anonymous> (node_modules/expect/build/toThrowMatchers.js:74:11)
      at Object.throwingMatcher [as toThrow] (node_modules/expect/build/index.js:320:21)
      at workspace/Remote-Agentic-Coding-System/src/adapters/github.test.ts:88:63
          at Array.forEach (<anonymous>)
      at Object.<anonymous> (workspace/Remote-Agentic-Coding-System/src/adapters/github.test.ts:87:22)

  console.error
    [GitHub] Invalid conversationId: owner/repo-123

    [0m [90m 67 |[39m     [36mconst[39m parsed [33m=[39m [36mthis[39m[33m.[39mparseConversationId(conversationId)[33m;[39m
     [90m 68 |[39m     [36mif[39m ([33m![39mparsed) {
    [31m[1m>[22m[39m[90m 69 |[39m       console[33m.[39merror([32m'[GitHub] Invalid conversationId:'[39m[33m,[39m conversationId)[33m;[39m
     [90m    |[39m               [31m[1m^[22m[39m
     [90m 70 |[39m       [36mreturn[39m[33m;[39m
     [90m 71 |[39m     }
     [90m 72 |[39m[0m

      at GitHubAdapter.sendMessage (workspace/Remote-Agentic-Coding-System/src/adapters/github.ts:69:15)
      at workspace/Remote-Agentic-Coding-System/src/adapters/github.test.ts:88:30
      at Object.<anonymous> (node_modules/expect/build/toThrowMatchers.js:74:11)
      at Object.throwingMatcher [as toThrow] (node_modules/expect/build/index.js:320:21)
      at workspace/Remote-Agentic-Coding-System/src/adapters/github.test.ts:88:63
          at Array.forEach (<anonymous>)
      at Object.<anonymous> (workspace/Remote-Agentic-Coding-System/src/adapters/github.test.ts:87:22)

  console.log
    [ConversationLock] At max capacity (2), queuing conv-3

      at ConversationLockManager.acquireLock (src/utils/conversation-lock.ts:52:15)

  console.log
    [ConversationLock] Queued message for conv-3 { queueLength: 1 }

      at ConversationLockManager.queueMessage (src/utils/conversation-lock.ts:105:13)

  console.error
    [GitHub] Invalid conversationId: owner#repo#123

    [0m [90m 67 |[39m     [36mconst[39m parsed [33m=[39m [36mthis[39m[33m.[39mparseConversationId(conversationId)[33m;[39m
     [90m 68 |[39m     [36mif[39m ([33m![39mparsed) {
    [31m[1m>[22m[39m[90m 69 |[39m       console[33m.[39merror([32m'[GitHub] Invalid conversationId:'[39m[33m,[39m conversationId)[33m;[39m
     [90m    |[39m               [31m[1m^[22m[39m
     [90m 70 |[39m       [36mreturn[39m[33m;[39m
     [90m 71 |[39m     }
     [90m 72 |[39m[0m

      at GitHubAdapter.sendMessage (workspace/Remote-Agentic-Coding-System/src/adapters/github.ts:69:15)
      at workspace/Remote-Agentic-Coding-System/src/adapters/github.test.ts:88:30
      at Object.<anonymous> (node_modules/expect/build/toThrowMatchers.js:74:11)
      at Object.throwingMatcher [as toThrow] (node_modules/expect/build/index.js:320:21)
      at workspace/Remote-Agentic-Coding-System/src/adapters/github.test.ts:88:63
          at Array.forEach (<anonymous>)
      at Object.<anonymous> (workspace/Remote-Agentic-Coding-System/src/adapters/github.test.ts:87:22)

  console.error
    [GitHub] Invalid conversationId: invalid

    [0m [90m 67 |[39m     [36mconst[39m parsed [33m=[39m [36mthis[39m[33m.[39mparseConversationId(conversationId)[33m;[39m
     [90m 68 |[39m     [36mif[39m ([33m![39mparsed) {
    [31m[1m>[22m[39m[90m 69 |[39m       console[33m.[39merror([32m'[GitHub] Invalid conversationId:'[39m[33m,[39m conversationId)[33m;[39m
     [90m    |[39m               [31m[1m^[22m[39m
     [90m 70 |[39m       [36mreturn[39m[33m;[39m
     [90m 71 |[39m     }
     [90m 72 |[39m[0m

      at GitHubAdapter.sendMessage (workspace/Remote-Agentic-Coding-System/src/adapters/github.ts:69:15)
      at workspace/Remote-Agentic-Coding-System/src/adapters/github.test.ts:88:30
      at Object.<anonymous> (node_modules/expect/build/toThrowMatchers.js:74:11)
      at Object.throwingMatcher [as toThrow] (node_modules/expect/build/index.js:320:21)
      at workspace/Remote-Agentic-Coding-System/src/adapters/github.test.ts:88:63
          at Array.forEach (<anonymous>)
      at Object.<anonymous> (workspace/Remote-Agentic-Coding-System/src/adapters/github.test.ts:87:22)

  console.log
    [GitHub] Comment posted to owner/repo#123

      at GitHubAdapter.sendMessage (workspace/Remote-Agentic-Coding-System/src/adapters/github.ts:80:15)

PASS workspace/Remote-A
gentic-Coding-System/sr
c/adapters/github.test.
ts (5.576 s)
  GitHubAdapter
    streaming mode
      ÔêÜ should 
always return batch 
mode (100 ms)
    lifecycle methods
      ÔêÜ should start 
without errors (8 ms)
      ÔêÜ should stop 
without errors (5 ms)
    sendMessage
      ÔêÜ should 
handle invalid 
conversationId 
gracefully (13 ms)
    conversationId 
format
      ÔêÜ should use 
owner/repo#number 
format (30 ms)

  console.log
    [ConversationLock] Completed same-conv { active: 0, queued: 1 }

      at workspace/Remote-Agentic-Coding-System/src/utils/conversation-lock.ts:71:17

  console.log
    [ConversationLock] Processing queued message { conversationId: 'same-conv', waitTimeMs: 45 }

      at ConversationLockManager.processQueue (workspace/Remote-Agentic-Coding-System/src/utils/conversation-lock.ts:123:13)

  console.log
    [ConversationLock] Starting same-conv { active: 1, queued: 0 }

      at ConversationLockManager.acquireLock (workspace/Remote-Agentic-Coding-System/src/utils/conversation-lock.ts:58:13)

  console.log
    [ConversationLock] Completed same-conv { active: 0, queued: 0 }

      at workspace/Remote-Agentic-Coding-System/src/utils/conversation-lock.ts:71:17

FAIL src/adapters/webui
.test.ts
  ÔùÅ Test suite 
failed to run

    [96msrc/adapters/w
ebui.test.ts[0m:[93m2
3[0m:[93m13[0m - 
[91merror[0m[90m 
TS2339: [0mProperty 
'setWebSocketServer' 
does not exist on type 
'WebUIAdapter'.

    [7m23[0m     adap
ter.setWebSocketServer(
mockWss);
    [7m  [0m [91m   
         
~~~~~~~~~~~~~~~~~~[0m

  console.log
    [ConversationLock] Completed conv-1 { active: 1, queued: 1 }

      at src/utils/conversation-lock.ts:71:17

  console.log
    [ConversationLock] Processing queued message { conversationId: 'conv-3', waitTimeMs: 31 }

      at ConversationLockManager.processQueue (src/utils/conversation-lock.ts:123:13)

  console.log
    [ConversationLock] Starting conv-3 { active: 2, queued: 0 }

      at ConversationLockManager.acquireLock (src/utils/conversation-lock.ts:58:13)

  console.log
    [ConversationLock] Completed conv-3 { active: 1, queued: 0 }

      at src/utils/conversation-lock.ts:71:17

  console.log
    [ConversationLock] Completed conv-2 { active: 0, queued: 0 }

      at src/utils/conversation-lock.ts:71:17

PASS src/handlers/comma
nd-handler.test.ts 
(5.68 s)
  CommandHandler
    parseCommand
      ÔêÜ should 
extract command and 
args from /clone 
command (10 ms)
      ÔêÜ should 
handle commands 
without args (1 ms)
      ÔêÜ should 
handle /status command
      ÔêÜ should 
handle /setcwd with 
path containing spaces 
(1 ms)
      ÔêÜ should 
handle /reset command 
(9 ms)
      ÔêÜ should 
handle command with 
multiple spaces (1 ms)
      ÔêÜ should 
handle /getcwd command
      ÔêÜ should parse 
quoted arguments (1 ms)
      ÔêÜ should parse 
mixed quoted and 
unquoted args
      ÔêÜ should parse 
/command-set (1 ms)
      ÔêÜ should parse 
/load-commands
      ÔêÜ should 
handle single quotes
      ÔêÜ should parse 
/repos
      ÔêÜ should 
preserve multi-word 
quoted string as 
single argument
      ÔêÜ should 
handle long quoted 
sentences (1 ms)
      ÔêÜ should 
handle multiple quoted 
arguments
      ÔêÜ should 
handle mixed quoted 
and unquoted with 
spaces
      ÔêÜ should 
handle quoted arg with 
special characters (1 
ms)
      ÔêÜ should 
handle empty quoted 
string

  console.log
    [ConversationLock] Initialized { maxConcurrent: 2 }

      at new ConversationLockManager (workspace/Remote-Agentic-Coding-System/src/utils/conversation-lock.ts:34:13)

  console.log
    [ConversationLock] Starting conv-1 { active: 1, queued: 0 }

      at ConversationLockManager.acquireLock (workspace/Remote-Agentic-Coding-System/src/utils/conversation-lock.ts:58:13)

  console.log
    [ConversationLock] Starting conv-2 { active: 2, queued: 0 }

      at ConversationLockManager.acquireLock (workspace/Remote-Agentic-Coding-System/src/utils/conversation-lock.ts:58:13)

  console.log
    [ConversationLock] At max capacity (2), queuing conv-3

      at ConversationLockManager.acquireLock (workspace/Remote-Agentic-Coding-System/src/utils/conversation-lock.ts:52:15)

  console.log
    [ConversationLock] Queued message for conv-3 { queueLength: 1 }

      at ConversationLockManager.queueMessage (workspace/Remote-Agentic-Coding-System/src/utils/conversation-lock.ts:105:13)

  console.log
    [Telegram] Adapter initialized (mode: batch, timeout: disabled)

      at new TelegramAdapter (src/adapters/telegram.ts:21:13)

  console.log
    [Telegram] Adapter initialized (mode: stream, timeout: disabled)

      at new TelegramAdapter (src/adapters/telegram.ts:21:13)

  console.log
    [Telegram] Adapter initialized (mode: stream, timeout: disabled)

      at new TelegramAdapter (src/adapters/telegram.ts:21:13)

  console.log
    [Telegram] Adapter initialized (mode: stream, timeout: disabled)

      at new TelegramAdapter (src/adapters/telegram.ts:21:13)

(node:33128) [DEP0040] 
DeprecationWarning: 
The `punycode` module 
is deprecated. Please 
use a userland 
alternative instead.
(Use `node 
--trace-deprecation 
...` to show where the 
warning was created)
PASS src/adapters/teleg
ram.test.ts (5.741 s)
  TelegramAdapter
    streaming mode 
configuration
      ÔêÜ should 
return batch mode when 
configured (51 ms)
      ÔêÜ should 
default to stream mode 
(1 ms)
      ÔêÜ should 
return stream mode 
when explicitly 
configured (1 ms)
    bot instance
      ÔêÜ should 
provide access to bot 
instance (1 ms)

PASS workspace/Remote-A
gentic-Coding-System/sr
c/clients/claude.test.t
s (5.637 s)
  ClaudeClient
    ÔêÜ placeholder - 
integration tests 
require real API (7 ms)

  console.log
    [Telegram] Adapter initialized (mode: batch, timeout: disabled)

      at new TelegramAdapter (workspace/Remote-Agentic-Coding-System/src/adapters/telegram.ts:21:13)

  console.log
    [Telegram] Adapter initialized (mode: stream, timeout: disabled)

      at new TelegramAdapter (workspace/Remote-Agentic-Coding-System/src/adapters/telegram.ts:21:13)

  console.log
    [Telegram] Adapter initialized (mode: stream, timeout: disabled)

      at new TelegramAdapter (workspace/Remote-Agentic-Coding-System/src/adapters/telegram.ts:21:13)

  console.log
    [Telegram] Adapter initialized (mode: stream, timeout: disabled)

      at new TelegramAdapter (workspace/Remote-Agentic-Coding-System/src/adapters/telegram.ts:21:13)

(node:45196) [DEP0040] 
DeprecationWarning: 
The `punycode` module 
is deprecated. Please 
use a userland 
alternative instead.
(Use `node 
--trace-deprecation 
...` to show where the 
warning was created)
PASS workspace/Remote-A
gentic-Coding-System/sr
c/adapters/telegram.tes
t.ts (5.694 s)
  TelegramAdapter
    streaming mode 
configuration
      ÔêÜ should 
return batch mode when 
configured (42 ms)
      ÔêÜ should 
default to stream mode 
(1 ms)
      ÔêÜ should 
return stream mode 
when explicitly 
configured (1 ms)
    bot instance
      ÔêÜ should 
provide access to bot 
instance (1 ms)

  console.log
    [ConversationLock] Completed conv-1 { active: 1, queued: 1 }

      at workspace/Remote-Agentic-Coding-System/src/utils/conversation-lock.ts:71:17

  console.log
    [ConversationLock] Processing queued message { conversationId: 'conv-3', waitTimeMs: 46 }

      at ConversationLockManager.processQueue (workspace/Remote-Agentic-Coding-System/src/utils/conversation-lock.ts:123:13)

  console.log
    [ConversationLock] Starting conv-3 { active: 2, queued: 0 }

      at ConversationLockManager.acquireLock (workspace/Remote-Agentic-Coding-System/src/utils/conversation-lock.ts:58:13)

  console.log
    [ConversationLock] Completed conv-3 { active: 1, queued: 0 }

      at workspace/Remote-Agentic-Coding-System/src/utils/conversation-lock.ts:71:17

  console.log
    [ConversationLock] Completed conv-2 { active: 0, queued: 0 }

      at workspace/Remote-Agentic-Coding-System/src/utils/conversation-lock.ts:71:17

PASS src/clients/codex.
test.ts (5.725 s)
  CodexClient
    ÔêÜ placeholder - 
integration tests 
require real Codex SDK 
and API (6 ms)

  console.log
    [ConversationLock] Initialized { maxConcurrent: 10 }

      at new ConversationLockManager (src/utils/conversation-lock.ts:34:13)

  console.log
    [ConversationLock] Starting conv-1 { active: 1, queued: 0 }

      at ConversationLockManager.acquireLock (src/utils/conversation-lock.ts:58:13)
          at Array.map (<anonymous>)

  console.log
    [ConversationLock] Starting conv-2 { active: 2, queued: 0 }

      at ConversationLockManager.acquireLock (src/utils/conversation-lock.ts:58:13)
          at Array.map (<anonymous>)

  console.log
    [ConversationLock] Starting conv-3 { active: 3, queued: 0 }

      at ConversationLockManager.acquireLock (src/utils/conversation-lock.ts:58:13)
          at Array.map (<anonymous>)

PASS workspace/Remote-A
gentic-Coding-System/sr
c/handlers/command-hand
ler.test.ts (5.737 s)
  CommandHandler
    parseCommand
      ÔêÜ should 
extract command and 
args from /clone 
command (7 ms)
      ÔêÜ should 
handle commands 
without args
      ÔêÜ should 
handle /status command
      ÔêÜ should 
handle /setcwd with 
path containing spaces 
(1 ms)
      ÔêÜ should 
handle /reset command
      ÔêÜ should 
handle command with 
multiple spaces (1 ms)
      ÔêÜ should 
handle /getcwd command
      ÔêÜ should parse 
quoted arguments
      ÔêÜ should parse 
mixed quoted and 
unquoted args (1 ms)
      ÔêÜ should parse 
/command-set
      ÔêÜ should parse 
/load-commands
      ÔêÜ should 
handle single quotes 
(1 ms)
      ÔêÜ should parse 
/repos
      ÔêÜ should 
preserve multi-word 
quoted string as 
single argument
      ÔêÜ should 
handle long quoted 
sentences
      ÔêÜ should 
handle multiple quoted 
arguments (1 ms)
      ÔêÜ should 
handle mixed quoted 
and unquoted with 
spaces
      ÔêÜ should 
handle quoted arg with 
special characters
      ÔêÜ should 
handle empty quoted 
string (1 ms)

  console.log
    [ConversationLock] Completed conv-1 { active: 2, queued: 0 }

      at src/utils/conversation-lock.ts:71:17

  console.log
    [ConversationLock] Completed conv-2 { active: 1, queued: 0 }

      at src/utils/conversation-lock.ts:71:17

  console.log
    [ConversationLock] Completed conv-3 { active: 0, queued: 0 }

      at src/utils/conversation-lock.ts:71:17

  console.log
    [ConversationLock] Initialized { maxConcurrent: 10 }

      at new ConversationLockManager (workspace/Remote-Agentic-Coding-System/src/utils/conversation-lock.ts:34:13)

  console.log
    [ConversationLock] Starting conv-1 { active: 1, queued: 0 }

      at ConversationLockManager.acquireLock (workspace/Remote-Agentic-Coding-System/src/utils/conversation-lock.ts:58:13)
          at Array.map (<anonymous>)

  console.log
    [ConversationLock] Starting conv-2 { active: 2, queued: 0 }

      at ConversationLockManager.acquireLock (workspace/Remote-Agentic-Coding-System/src/utils/conversation-lock.ts:58:13)
          at Array.map (<anonymous>)

  console.log
    [ConversationLock] Starting conv-3 { active: 3, queued: 0 }

      at ConversationLockManager.acquireLock (workspace/Remote-Agentic-Coding-System/src/utils/conversation-lock.ts:58:13)
          at Array.map (<anonymous>)

  console.log
    [ConversationLock] Completed conv-1 { active: 2, queued: 0 }

      at workspace/Remote-Agentic-Coding-System/src/utils/conversation-lock.ts:71:17

  console.log
    [ConversationLock] Completed conv-2 { active: 1, queued: 0 }

      at workspace/Remote-Agentic-Coding-System/src/utils/conversation-lock.ts:71:17

  console.log
    [ConversationLock] Completed conv-3 { active: 0, queued: 0 }

      at workspace/Remote-Agentic-Coding-System/src/utils/conversation-lock.ts:71:17

  console.log
    [ConversationLock] Initialized { maxConcurrent: 10 }

      at new ConversationLockManager (src/utils/conversation-lock.ts:34:13)

  console.log
    [ConversationLock] Starting test-conv { active: 1, queued: 0 }

      at ConversationLockManager.acquireLock (src/utils/conversation-lock.ts:58:13)

  console.log
    [ConversationLock] Queued message for test-conv { queueLength: 1 }

      at ConversationLockManager.queueMessage (src/utils/conversation-lock.ts:105:13)

  console.log
    [ConversationLock] Queued message for test-conv { queueLength: 2 }

      at ConversationLockManager.queueMessage (src/utils/conversation-lock.ts:105:13)

  console.log
    [ConversationLock] Completed test-conv { active: 0, queued: 2 }

      at src/utils/conversation-lock.ts:71:17

  console.log
    [ConversationLock] Processing queued message { conversationId: 'test-conv', waitTimeMs: 17 }

      at ConversationLockManager.processQueue (src/utils/conversation-lock.ts:123:13)

  console.log
    [ConversationLock] Starting test-conv { active: 1, queued: 1 }

      at ConversationLockManager.acquireLock (src/utils/conversation-lock.ts:58:13)

  console.log
    [ConversationLock] Completed test-conv { active: 0, queued: 1 }

      at src/utils/conversation-lock.ts:71:17

  console.log
    [ConversationLock] Processing queued message { conversationId: 'test-conv', waitTimeMs: 33 }

      at ConversationLockManager.processQueue (src/utils/conversation-lock.ts:123:13)

  console.log
    [ConversationLock] Starting test-conv { active: 1, queued: 0 }

      at ConversationLockManager.acquireLock (src/utils/conversation-lock.ts:58:13)

  console.log
    [ConversationLock] Completed test-conv { active: 0, queued: 0 }

      at src/utils/conversation-lock.ts:71:17

  console.log
    [ConversationLock] Initialized { maxConcurrent: 10 }

      at new ConversationLockManager (workspace/Remote-Agentic-Coding-System/src/utils/conversation-lock.ts:34:13)

  console.log
    [ConversationLock] Starting test-conv { active: 1, queued: 0 }

      at ConversationLockManager.acquireLock (workspace/Remote-Agentic-Coding-System/src/utils/conversation-lock.ts:58:13)

  console.log
    [ConversationLock] Queued message for test-conv { queueLength: 1 }

      at ConversationLockManager.queueMessage (workspace/Remote-Agentic-Coding-System/src/utils/conversation-lock.ts:105:13)

  console.log
    [ConversationLock] Queued message for test-conv { queueLength: 2 }

      at ConversationLockManager.queueMessage (workspace/Remote-Agentic-Coding-System/src/utils/conversation-lock.ts:105:13)

  console.log
    [ConversationLock] Initialized { maxConcurrent: 10 }

      at new ConversationLockManager (src/utils/conversation-lock.ts:34:13)

  console.log
    [ConversationLock] Starting test-conv { active: 1, queued: 0 }

      at ConversationLockManager.acquireLock (src/utils/conversation-lock.ts:58:13)

  console.error
    [ConversationLock] Error in test-conv: Error: Test error
        at D:\VSCode Projects\Personal Projects\Remote-Agentic-Coding-System\src\utils\conversation-lock.test.ts:165:13
        at ConversationLockManager.acquireLock (D:\VSCode Projects\Personal Projects\Remote-Agentic-Coding-System\src\utils\conversation-lock.ts:64:21)
        at Object.<anonymous> (D:\VSCode Projects\Personal Projects\Remote-Agentic-Coding-System\src\utils\conversation-lock.test.ts:163:13)
        at Promise.then.completed (D:\VSCode Projects\Personal Projects\Remote-Agentic-Coding-System\node_modules\jest-circus\build\utils.js:298:28)
        at new Promise (<anonymous>)
        at callAsyncCircusFn (D:\VSCode Projects\Personal Projects\Remote-Agentic-Coding-System\node_modules\jest-circus\build\utils.js:231:10)
        at _callCircusTest (D:\VSCode Projects\Personal Projects\Remote-Agentic-Coding-System\node_modules\jest-circus\build\run.js:316:40)
        at _runTest (D:\VSCode Projects\Personal Projects\Remote-Agentic-Coding-System\node_modules\jest-circus\build\run.js:252:3)
        at _runTestsForDescribeBlock (D:\VSCode Projects\Personal Projects\Remote-Agentic-Coding-System\node_modules\jest-circus\build\run.js:126:9)
        at _runTestsForDescribeBlock (D:\VSCode Projects\Personal Projects\Remote-Agentic-Coding-System\node_modules\jest-circus\build\run.js:121:9)
        at run (D:\VSCode Projects\Personal Projects\Remote-Agentic-Coding-System\node_modules\jest-circus\build\run.js:71:3)
        at runAndTransformResultsToJestFormat (D:\VSCode Projects\Personal Projects\Remote-Agentic-Coding-System\node_modules\jest-circus\build\legacy-code-todo-rewrite\jestAdapterInit.js:122:21)
        at jestAdapter (D:\VSCode Projects\Personal Projects\Remote-Agentic-Coding-System\node_modules\jest-circus\build\legacy-code-todo-rewrite\jestAdapter.js:79:19)
        at runTestInternal (D:\VSCode Projects\Personal Projects\Remote-Agentic-Coding-System\node_modules\jest-runner\build\runTest.js:367:16)
        at runTest (D:\VSCode Projects\Personal Projects\Remote-Agentic-Coding-System\node_modules\jest-runner\build\runTest.js:444:34)
        at Object.worker (D:\VSCode Projects\Personal Projects\Remote-Agentic-Coding-System\node_modules\jest-runner\build\testWorker.js:106:12)

    [0m [90m 64 |[39m     [36mconst[39m promise [33m=[39m handler()
     [90m 65 |[39m       [33m.[39m[36mcatch[39m(error [33m=>[39m {
    [31m[1m>[22m[39m[90m 66 |[39m         console[33m.[39merror([32m`[ConversationLock] Error in ${conversationId}:`[39m[33m,[39m error)[33m;[39m
     [90m    |[39m                 [31m[1m^[22m[39m
     [90m 67 |[39m       })
     [90m 68 |[39m       [33m.[39m[36mfinally[39m(() [33m=>[39m {
     [90m 69 |[39m         [90m// Clean up active conversation[39m[0m

      at src/utils/conversation-lock.ts:66:17

  console.log
    [ConversationLock] Completed test-conv { active: 0, queued: 0 }

      at src/utils/conversation-lock.ts:71:17

  console.log
    [ConversationLock] Starting test-conv { active: 1, queued: 0 }

      at ConversationLockManager.acquireLock (src/utils/conversation-lock.ts:58:13)

  console.log
    [ConversationLock] Completed test-conv { active: 0, queued: 0 }

      at src/utils/conversation-lock.ts:71:17

  console.log
    [ConversationLock] Completed test-conv { active: 0, queued: 2 }

      at workspace/Remote-Agentic-Coding-System/src/utils/conversation-lock.ts:71:17

  console.log
    [ConversationLock] Processing queued message { conversationId: 'test-conv', waitTimeMs: 32 }

      at ConversationLockManager.processQueue (workspace/Remote-Agentic-Coding-System/src/utils/conversation-lock.ts:123:13)

  console.log
    [ConversationLock] Starting test-conv { active: 1, queued: 1 }

      at ConversationLockManager.acquireLock (workspace/Remote-Agentic-Coding-System/src/utils/conversation-lock.ts:58:13)

  console.log
    [ConversationLock] Completed test-conv { active: 0, queued: 1 }

      at workspace/Remote-Agentic-Coding-System/src/utils/conversation-lock.ts:71:17

  console.log
    [ConversationLock] Processing queued message { conversationId: 'test-conv', waitTimeMs: 46 }

      at ConversationLockManager.processQueue (workspace/Remote-Agentic-Coding-System/src/utils/conversation-lock.ts:123:13)

  console.log
    [ConversationLock] Starting test-conv { active: 1, queued: 0 }

      at ConversationLockManager.acquireLock (workspace/Remote-Agentic-Coding-System/src/utils/conversation-lock.ts:58:13)

  console.log
    [ConversationLock] Completed test-conv { active: 0, queued: 0 }

      at workspace/Remote-Agentic-Coding-System/src/utils/conversation-lock.ts:71:17

  console.log
    [ConversationLock] Initialized { maxConcurrent: 10 }

      at new ConversationLockManager (src/utils/conversation-lock.ts:34:13)

  console.log
    [ConversationLock] Starting conv-a { active: 1, queued: 0 }

      at ConversationLockManager.acquireLock (src/utils/conversation-lock.ts:58:13)

  console.log
    [ConversationLock] Starting conv-b { active: 2, queued: 0 }

      at ConversationLockManager.acquireLock (src/utils/conversation-lock.ts:58:13)

  console.log
    [ConversationLock] Initialized { maxConcurrent: 10 }

      at new ConversationLockManager (workspace/Remote-Agentic-Coding-System/src/utils/conversation-lock.ts:34:13)

  console.log
    [ConversationLock] Starting test-conv { active: 1, queued: 0 }

      at ConversationLockManager.acquireLock (workspace/Remote-Agentic-Coding-System/src/utils/conversation-lock.ts:58:13)

  console.error
    [ConversationLock] Error in test-conv: Error: Test error
        at D:\VSCode Projects\Personal Projects\Remote-Agentic-Coding-System\workspace\Remote-Agentic-Coding-System\src\utils\conversation-lock.test.ts:165:13
        at ConversationLockManager.acquireLock (D:\VSCode Projects\Personal Projects\Remote-Agentic-Coding-System\workspace\Remote-Agentic-Coding-System\src\utils\conversation-lock.ts:64:21)
        at Object.<anonymous> (D:\VSCode Projects\Personal Projects\Remote-Agentic-Coding-System\workspace\Remote-Agentic-Coding-System\src\utils\conversation-lock.test.ts:163:13)
        at Promise.then.completed (D:\VSCode Projects\Personal Projects\Remote-Agentic-Coding-System\node_modules\jest-circus\build\utils.js:298:28)
        at new Promise (<anonymous>)
        at callAsyncCircusFn (D:\VSCode Projects\Personal Projects\Remote-Agentic-Coding-System\node_modules\jest-circus\build\utils.js:231:10)
        at _callCircusTest (D:\VSCode Projects\Personal Projects\Remote-Agentic-Coding-System\node_modules\jest-circus\build\run.js:316:40)
        at _runTest (D:\VSCode Projects\Personal Projects\Remote-Agentic-Coding-System\node_modules\jest-circus\build\run.js:252:3)
        at _runTestsForDescribeBlock (D:\VSCode Projects\Personal Projects\Remote-Agentic-Coding-System\node_modules\jest-circus\build\run.js:126:9)
        at _runTestsForDescribeBlock (D:\VSCode Projects\Personal Projects\Remote-Agentic-Coding-System\node_modules\jest-circus\build\run.js:121:9)
        at run (D:\VSCode Projects\Personal Projects\Remote-Agentic-Coding-System\node_modules\jest-circus\build\run.js:71:3)
        at runAndTransformResultsToJestFormat (D:\VSCode Projects\Personal Projects\Remote-Agentic-Coding-System\node_modules\jest-circus\build\legacy-code-todo-rewrite\jestAdapterInit.js:122:21)
        at jestAdapter (D:\VSCode Projects\Personal Projects\Remote-Agentic-Coding-System\node_modules\jest-circus\build\legacy-code-todo-rewrite\jestAdapter.js:79:19)
        at runTestInternal (D:\VSCode Projects\Personal Projects\Remote-Agentic-Coding-System\node_modules\jest-runner\build\runTest.js:367:16)
        at runTest (D:\VSCode Projects\Personal Projects\Remote-Agentic-Coding-System\node_modules\jest-runner\build\runTest.js:444:34)
        at Object.worker (D:\VSCode Projects\Personal Projects\Remote-Agentic-Coding-System\node_modules\jest-runner\build\testWorker.js:106:12)

    [0m [90m 64 |[39m     [36mconst[39m promise [33m=[39m handler()
     [90m 65 |[39m       [33m.[39m[36mcatch[39m(error [33m=>[39m {
    [31m[1m>[22m[39m[90m 66 |[39m         console[33m.[39merror([32m`[ConversationLock] Error in ${conversationId}:`[39m[33m,[39m error)[33m;[39m
     [90m    |[39m                 [31m[1m^[22m[39m
     [90m 67 |[39m       })
     [90m 68 |[39m       [33m.[39m[36mfinally[39m(() [33m=>[39m {
     [90m 69 |[39m         [90m// Clean up active conversation[39m[0m

      at workspace/Remote-Agentic-Coding-System/src/utils/conversation-lock.ts:66:17

  console.log
    [ConversationLock] Completed test-conv { active: 0, queued: 0 }

      at workspace/Remote-Agentic-Coding-System/src/utils/conversation-lock.ts:71:17

  console.log
    [ConversationLock] Starting test-conv { active: 1, queued: 0 }

      at ConversationLockManager.acquireLock (workspace/Remote-Agentic-Coding-System/src/utils/conversation-lock.ts:58:13)

  console.log
    [ConversationLock] Completed test-conv { active: 0, queued: 0 }

      at workspace/Remote-Agentic-Coding-System/src/utils/conversation-lock.ts:71:17

  console.log
    [ConversationLock] Completed conv-a { active: 1, queued: 0 }

      at src/utils/conversation-lock.ts:71:17

  console.log
    [ConversationLock] Completed conv-b { active: 0, queued: 0 }

      at src/utils/conversation-lock.ts:71:17

  console.log
    [ConversationLock] Initialized { maxConcurrent: 10 }

      at new ConversationLockManager (workspace/Remote-Agentic-Coding-System/src/utils/conversation-lock.ts:34:13)

  console.log
    [ConversationLock] Starting conv-a { active: 1, queued: 0 }

      at ConversationLockManager.acquireLock (workspace/Remote-Agentic-Coding-System/src/utils/conversation-lock.ts:58:13)

  console.log
    [ConversationLock] Starting conv-b { active: 2, queued: 0 }

      at ConversationLockManager.acquireLock (workspace/Remote-Agentic-Coding-System/src/utils/conversation-lock.ts:58:13)

PASS src/utils/conversa
tion-lock.test.ts 
(6.165 s)
  
ConversationLockManager
    ÔêÜ initializes 
with correct 
maxConcurrent (125 ms)
    ÔêÜ getStats 
returns empty state 
initially (36 ms)
    ÔêÜ processes 
handler immediately 
when under capacity 
(27 ms)
    ÔêÜ queues message 
when same conversation 
already active (153 ms)
    ÔêÜ queues message 
when at max capacity 
(180 ms)
    ÔêÜ multiple 
conversations process 
concurrently (140 ms)
    ÔêÜ queued 
messages process in 
order after completion 
(125 ms)
    ÔêÜ error in 
handler does not 
prevent queue 
processing (77 ms)
    ÔêÜ stats show 
correct active 
conversation IDs (123 
ms)

  console.log
    [ConversationLock] Completed conv-a { active: 1, queued: 0 }

      at workspace/Remote-Agentic-Coding-System/src/utils/conversation-lock.ts:71:17

  console.log
    [ConversationLock] Completed conv-b { active: 0, queued: 0 }

      at workspace/Remote-Agentic-Coding-System/src/utils/conversation-lock.ts:71:17

PASS workspace/Remote-A
gentic-Coding-System/sr
c/utils/conversation-lo
ck.test.ts (6.295 s)
  
ConversationLockManager
    ÔêÜ initializes 
with correct 
maxConcurrent (78 ms)
    ÔêÜ getStats 
returns empty state 
initially (3 ms)
    ÔêÜ processes 
handler immediately 
when under capacity 
(32 ms)
    ÔêÜ queues message 
when same conversation 
already active (120 ms)
    ÔêÜ queues message 
when at max capacity 
(171 ms)
    ÔêÜ multiple 
conversations process 
concurrently (141 ms)
    ÔêÜ queued 
messages process in 
order after completion 
(123 ms)
    ÔêÜ error in 
handler does not 
prevent queue 
processing (78 ms)
    ÔêÜ stats show 
correct active 
conversation IDs (124 
ms)

Test Suites: 1 failed, 
14 passed, 15 total
Tests:       98 
passed, 98 total
Snapshots:   0 total
Time:        7.242 s
Ran all test suites.
